=== MATEBENCH SUBMISSION RUN 2026-09-17 12:40 ===
  positions   corpora\generated-deep.epd, sha256 9b3f453d045a774ac6bc09dc7babff3be86ee9126535cdac870c8fbb40152250 (not recorded in CHECKSUMS.json)
              d6-8, 1190 positions
              0 excluded: MateHunter 19 declares tuning on matetrack.epd
              0 excluded: MateHunter 19 king-danger declares tuning on matetrack.epd
  bands       d1-7 893, d8-12 297
  budget      movetime (ms) 1000 per position, 1 thread unless a manifest says otherwise, 8 at a time
  load        not available on this platform; a clock budget needs an idle machine
  verifier    mateprover.exe (mateprover 0.2.0), --direct-depth --no-portfolio at 1,000,000 nodes

  arm MateHunter 19  (submission)
    engine id   MateHunter 19
    binary      matehunter19  sha256 d246758baf9643e362165a18759165609649207781cbfc6404c7ff97efd4ea30
    family      stockfish; base Stockfish 19; licence GPL-3.0
    source      https://github.com/ScottMoore0/matehunter at tag v0.1.0, whose search this development build reproduces (REFERENCE.md)
    claims      within-N
    options     Threads=1, Hash=256, MateMode=false, MateEval=true, MateEvalNull=true, MateEvalMain=false, MateEvalQS=false, MateNoRazor=false, MateNoFutility=false, MateNoNull=false, MateEvalOff=0
    at default  Debug Log File=<empty>, EvalFile=nn-1a298aa575a0.nnue, MateAttackW=100, MateCheckFirst=false, MateCheckOnly=false, MateCheckRelief=0, MateCheckW=180, MateDefendW=30, MateEscapeW=220, MateEvalV2=false, MateExposeW=40, MateKingRing2=false, MateKingSquares=0, MateKingZone=false, MateLearnedMinMoves=0, MateLearnedW=0, MateMaxDefender=0, MateNearW=600, MateNoLMR=false, MateNoRetreat=false, MateOrdering=false, MateScale=8, MateV2File=<empty>, MateWideMinMoves=16, MateWideRelief=0, Move Overhead=10, MultiPV=1, nodestime=0, NumaPolicy=auto, Ponder=false, Skill Level=20, Syzygy50MoveRule=true, SyzygyPath=<empty>, SyzygyProbeDepth=1, SyzygyProbeLimit=7, UCI_Chess960=false, UCI_Elo=1320, UCI_LimitStrength=false, UCI_ShowWDL=false
    certificates none
    notes       The recommended profile in REFERENCE.md: correction history as the evaluation, MateMode off, every other mate option set off explicitly. Tuned on matetrack, so matetrack positions are excluded from any pool it runs on.

  arm Stockfish 19  (reference)
    engine id   Stockfish 19
    binary      sf19  sha256 f267199f486e2ea65c89719b534c502e0d67ca84e269c27aa4504c3d3c82dc69
    family      stockfish; base Stockfish 19; licence GPL-3.0
    source      https://stockfishchess.org, release 19, built from the release source with MateHunter's compiler and flags
    claims      within-N
    options     Threads=1, Hash=256
    at default  Debug Log File=<empty>, EvalFile=nn-1a298aa575a0.nnue, Move Overhead=10, MultiPV=1, nodestime=0, NumaPolicy=auto, Ponder=false, Skill Level=20, Syzygy50MoveRule=true, SyzygyPath=<empty>, SyzygyProbeDepth=1, SyzygyProbeLimit=7, UCI_Chess960=false, UCI_Elo=1320, UCI_LimitStrength=false, UCI_ShowWDL=false
    certificates none
    notes       Stock engine at its defaults apart from one thread and a fixed hash, as in REFERENCE.md. It has no mate options to set.

  arm MateHunter 19 king-danger  (reference)
    engine id   MateHunter 19
    binary      matehunter19  sha256 d246758baf9643e362165a18759165609649207781cbfc6404c7ff97efd4ea30
    family      stockfish; base Stockfish 19; licence GPL-3.0
    source      https://github.com/ScottMoore0/matehunter at tag v0.1.0, whose search this development build reproduces (REFERENCE.md)
    claims      within-N
    options     Threads=1, Hash=256, MateMode=false, MateEval=true, MateEvalNull=false, MateEvalMain=false, MateEvalQS=false, MateNoRazor=false, MateNoFutility=false, MateNoNull=false, MateEvalOff=0
    at default  Debug Log File=<empty>, EvalFile=nn-1a298aa575a0.nnue, MateAttackW=100, MateCheckFirst=false, MateCheckOnly=false, MateCheckRelief=0, MateCheckW=180, MateDefendW=30, MateEscapeW=220, MateEvalV2=false, MateExposeW=40, MateKingRing2=false, MateKingSquares=0, MateKingZone=false, MateLearnedMinMoves=0, MateLearnedW=0, MateMaxDefender=0, MateNearW=600, MateNoLMR=false, MateNoRetreat=false, MateOrdering=false, MateScale=8, MateV2File=<empty>, MateWideMinMoves=16, MateWideRelief=0, Move Overhead=10, MultiPV=1, nodestime=0, NumaPolicy=auto, Ponder=false, Skill Level=20, Syzygy50MoveRule=true, SyzygyPath=<empty>, SyzygyProbeDepth=1, SyzygyProbeLimit=7, UCI_Chess960=false, UCI_Elo=1320, UCI_LimitStrength=false, UCI_ShowWDL=false
    certificates none
    notes       The full king-danger evaluator in REFERENCE.md: MateEval on, MateEvalNull off, MateMode off, every other mate option set off explicitly. Same binary as matehunter-19.json. Tuned on matetrack.

  positive control: every arm found the mate in one under its own manifest
  3570 searches to run, 0 already in results\profile\state.json

  1035 claims to re-prove with MateProver, 0 already proved

  claims and how they were verified
  arm                           n claimed verified   cert prover  refuted unconfirmed error cert fail   no end
  MateHunter 19              1190     882      844      0    844        0          38     0         0       19
  Stockfish 19               1190     878      844      0    844        0          34     0         0       19
  MateHunter 19 king-dange   1190     919      878      0    878        0          41     0         0       19

  MateHunter 19
    search did not end normally (exited before the search): R4bk1/1p1Rq1b1/1Q4nn/1Q1p1N1N/2B1RP1R/1qn3np/2p1p3/2KB2Qn w - -
    search did not end normally (exited before the search): R4bk1/1p1Rq1b1/1Q4nn/1Q1pRN1N/2B1pP1R/1qn3np/2p1p3/2KB3Q w - -
    search did not end normally (exited before the search): R4bk1/1p1Rq1b1/1Q4nn/1pQp1N1N/2B1RP1R/1qnp2n1/2B1p2p/2KB3Q w - -
    search did not end normally (exited before the search): R4bk1/1p1Rq1b1/1b4nn/1Q1p1N1N/2B1RP1R/1qn3R1/2p1pQ1p/2KB1n1Q w - -
    search did not end normally (exited before the search): R4bk1/1p1Rq1b1/1p1Q2nn/3n1N1N/2B1RP1R/1RQ2qn1/2p1p2p/b1KB3Q w - -

  Stockfish 19
    search did not end normally (exited before the search): R4bk1/1p1Rq1b1/1Q4nn/1Q1p1N1N/2B1RP1R/1qn3np/2p1p3/2KB2Qn w - -
    search did not end normally (exited before the search): R4bk1/1p1Rq1b1/1Q4nn/1Q1pRN1N/2B1pP1R/1qn3np/2p1p3/2KB3Q w - -
    search did not end normally (exited before the search): R4bk1/1p1Rq1b1/1Q4nn/1pQp1N1N/2B1RP1R/1qnp2n1/2B1p2p/2KB3Q w - -
    search did not end normally (exited before the search): R4bk1/1p1Rq1b1/1b4nn/1Q1p1N1N/2B1RP1R/1qn3R1/2p1pQ1p/2KB1n1Q w - -
    search did not end normally (exited before the search): R4bk1/1p1Rq1b1/1p1Q2nn/3n1N1N/2B1RP1R/1RQ2qn1/2p1p2p/b1KB3Q w - -

  MateHunter 19 king-danger
    search did not end normally (exited before the search): R4bk1/1p1Rq1b1/1Q4nn/1Q1p1N1N/2B1RP1R/1qn3np/2p1p3/2KB2Qn w - -
    search did not end normally (exited before the search): R4bk1/1p1Rq1b1/1Q4nn/1Q1pRN1N/2B1pP1R/1qn3np/2p1p3/2KB3Q w - -
    search did not end normally (exited before the search): R4bk1/1p1Rq1b1/1Q4nn/1pQp1N1N/2B1RP1R/1qnp2n1/2B1p2p/2KB3Q w - -
    search did not end normally (exited before the search): R4bk1/1p1Rq1b1/1b4nn/1Q1p1N1N/2B1RP1R/1qn3R1/2p1pQ1p/2KB1n1Q w - -
    search did not end normally (exited before the search): R4bk1/1p1Rq1b1/1p1Q2nn/3n1N1N/2B1RP1R/1RQ2qn1/2p1p2p/b1KB3Q w - -

  verified per band
  band          n MateHunter Stockfish  MateHunter
  d1-7        893        687        692        717
  d8-12       297        157        152        161

  MateHunter 19 against Stockfish 19, paired on verified claims
  band          n      sub      ref sub only ref only        p
  d1-7        893      687      692       68       73   0.7364
  d8-12       297      157      152       35       30   0.6201
  all        1190      844      844      103      103   1.0000
  reported claims, for context: sub only 119, ref only 115, p = 0.8446
  speed on the 741 positions both verified: sub faster on 302, ref faster on 438, p = 0.0000; time ratio ref/sub median 0.78, mean 1.48

  MateHunter 19 against MateHunter 19 king-danger, paired on verified claims
  band          n      sub      ref sub only ref only        p
  d1-7        893      687      717       46       76   0.0084
  d8-12       297      157      161       25       29   0.6835
  all        1190      844      878       71      105   0.0126
  reported claims, for context: sub only 79, ref only 116, p = 0.0098
  speed on the 773 positions both verified: sub faster on 314, ref faster on 459, p = 0.0000; time ratio ref/sub median 0.77, mean 1.66

  The discordant pairs per band are the result. A pooled total can hide two opposite effects.
  Unconfirmed claims are not false: supply certificates to have them checked.

=== MATEBENCH SUBMISSION RUN ENDED ===
