=== MATEBENCH SUBMISSION RUN 2026-09-17 12:40 ===
  positions   corpora\generated-deeper.epd, sha256 bd3a9da6c2556e16ec2c7be1d3e1fbbb4456d2ac877503064118c0754dcf921a (not recorded in CHECKSUMS.json)
              d9-9, 689 positions
              0 excluded: MateHunter 19 declares tuning on matetrack.epd
              0 excluded: MateHunter 19 king-danger declares tuning on matetrack.epd
  bands       d8-12 689
  budget      movetime (ms) 5000 per position, 1 thread unless a manifest says otherwise, 8 at a time
  load        not available on this platform; a clock budget needs an idle machine
  verifier    mateprover.exe (mateprover 0.2.0), --direct-depth --no-portfolio at 1,000,000 nodes

  arm MateHunter 19  (submission)
    engine id   MateHunter 19
    binary      matehunter19  sha256 d246758baf9643e362165a18759165609649207781cbfc6404c7ff97efd4ea30
    family      stockfish; base Stockfish 19; licence GPL-3.0
    source      https://github.com/ScottMoore0/matehunter at tag v0.1.0, whose search this development build reproduces (REFERENCE.md)
    claims      within-N
    options     Threads=1, Hash=256, MateMode=false, MateEval=true, MateEvalNull=true, MateEvalMain=false, MateEvalQS=false, MateNoRazor=false, MateNoFutility=false, MateNoNull=false, MateEvalOff=0
    at default  Debug Log File=<empty>, EvalFile=nn-1a298aa575a0.nnue, MateAttackW=100, MateCheckFirst=false, MateCheckOnly=false, MateCheckRelief=0, MateCheckW=180, MateDefendW=30, MateEscapeW=220, MateEvalV2=false, MateExposeW=40, MateKingRing2=false, MateKingSquares=0, MateKingZone=false, MateLearnedMinMoves=0, MateLearnedW=0, MateMaxDefender=0, MateNearW=600, MateNoLMR=false, MateNoRetreat=false, MateOrdering=false, MateScale=8, MateV2File=<empty>, MateWideMinMoves=16, MateWideRelief=0, Move Overhead=10, MultiPV=1, nodestime=0, NumaPolicy=auto, Ponder=false, Skill Level=20, Syzygy50MoveRule=true, SyzygyPath=<empty>, SyzygyProbeDepth=1, SyzygyProbeLimit=7, UCI_Chess960=false, UCI_Elo=1320, UCI_LimitStrength=false, UCI_ShowWDL=false
    certificates none
    notes       The recommended profile in REFERENCE.md: correction history as the evaluation, MateMode off, every other mate option set off explicitly. Tuned on matetrack, so matetrack positions are excluded from any pool it runs on.

  arm Stockfish 19  (reference)
    engine id   Stockfish 19
    binary      sf19  sha256 f267199f486e2ea65c89719b534c502e0d67ca84e269c27aa4504c3d3c82dc69
    family      stockfish; base Stockfish 19; licence GPL-3.0
    source      https://stockfishchess.org, release 19, built from the release source with MateHunter's compiler and flags
    claims      within-N
    options     Threads=1, Hash=256
    at default  Debug Log File=<empty>, EvalFile=nn-1a298aa575a0.nnue, Move Overhead=10, MultiPV=1, nodestime=0, NumaPolicy=auto, Ponder=false, Skill Level=20, Syzygy50MoveRule=true, SyzygyPath=<empty>, SyzygyProbeDepth=1, SyzygyProbeLimit=7, UCI_Chess960=false, UCI_Elo=1320, UCI_LimitStrength=false, UCI_ShowWDL=false
    certificates none
    notes       Stock engine at its defaults apart from one thread and a fixed hash, as in REFERENCE.md. It has no mate options to set.

  arm MateHunter 19 king-danger  (reference)
    engine id   MateHunter 19
    binary      matehunter19  sha256 d246758baf9643e362165a18759165609649207781cbfc6404c7ff97efd4ea30
    family      stockfish; base Stockfish 19; licence GPL-3.0
    source      https://github.com/ScottMoore0/matehunter at tag v0.1.0, whose search this development build reproduces (REFERENCE.md)
    claims      within-N
    options     Threads=1, Hash=256, MateMode=false, MateEval=true, MateEvalNull=false, MateEvalMain=false, MateEvalQS=false, MateNoRazor=false, MateNoFutility=false, MateNoNull=false, MateEvalOff=0
    at default  Debug Log File=<empty>, EvalFile=nn-1a298aa575a0.nnue, MateAttackW=100, MateCheckFirst=false, MateCheckOnly=false, MateCheckRelief=0, MateCheckW=180, MateDefendW=30, MateEscapeW=220, MateEvalV2=false, MateExposeW=40, MateKingRing2=false, MateKingSquares=0, MateKingZone=false, MateLearnedMinMoves=0, MateLearnedW=0, MateMaxDefender=0, MateNearW=600, MateNoLMR=false, MateNoRetreat=false, MateOrdering=false, MateScale=8, MateV2File=<empty>, MateWideMinMoves=16, MateWideRelief=0, Move Overhead=10, MultiPV=1, nodestime=0, NumaPolicy=auto, Ponder=false, Skill Level=20, Syzygy50MoveRule=true, SyzygyPath=<empty>, SyzygyProbeDepth=1, SyzygyProbeLimit=7, UCI_Chess960=false, UCI_Elo=1320, UCI_LimitStrength=false, UCI_ShowWDL=false
    certificates none
    notes       The full king-danger evaluator in REFERENCE.md: MateEval on, MateEvalNull off, MateMode off, every other mate option set off explicitly. Same binary as matehunter-19.json. Tuned on matetrack.

  positive control: every arm found the mate in one under its own manifest
  0 searches to run, 2067 already in results\profile\state.json

  0 claims to re-prove with MateProver, 617 already proved

  claims and how they were verified
  arm                           n claimed verified   cert prover  refuted unconfirmed error cert fail   no end
  MateHunter 19               689     537      470      0    470        0          67     0         0        0
  Stockfish 19                689     484      424      0    424        0          60     0         0        0
  MateHunter 19 king-dange    689     507      439      0    439        0          68     0         0        0

  verified per band
  band          n MateHunter Stockfish  MateHunter
  d8-12       689        470        424        439

  MateHunter 19 against Stockfish 19, paired on verified claims
  band          n      sub      ref sub only ref only        p
  d8-12       689      470      424       86       40   0.0001
  all         689      470      424       86       40   0.0001
  reported claims, for context: sub only 109, ref only 56, p = 0.0000
  speed on the 384 positions both verified: sub faster on 167, ref faster on 216, p = 0.0141; time ratio ref/sub median 0.82, mean 1.76

  MateHunter 19 against MateHunter 19 king-danger, paired on verified claims
  band          n      sub      ref sub only ref only        p
  d8-12       689      470      439       69       38   0.0035
  all         689      470      439       69       38   0.0035
  reported claims, for context: sub only 87, ref only 57, p = 0.0154
  speed on the 401 positions both verified: sub faster on 183, ref faster on 218, p = 0.0894; time ratio ref/sub median 0.85, mean 2.18

  The discordant pairs per band are the result. A pooled total can hide two opposite effects.
  Unconfirmed claims are not false: supply certificates to have them checked.

=== MATEBENCH SUBMISSION RUN ENDED ===
