=== MATEBENCH SUBMISSION RUN 2026-09-17 15:15 ===
  positions   corpora\generated-deep-6to8-reachable.epd, sha256 5e06cec70d6b8373e40a2809edb8de39926cdf203d3774fa4bbeb7f6a8b47022 (not recorded in CHECKSUMS.json)
              d6-8, 1171 positions
              0 excluded: MateHunter 19 declares tuning on matetrack.epd
              0 excluded: MateHunter 19 king-danger declares tuning on matetrack.epd
  bands       d1-7 878, d8-12 293
  budget      movetime (ms) 5000 per position, 1 thread unless a manifest says otherwise, 8 at a time
  load        not available on this platform; a clock budget needs an idle machine
  verifier    mateprover.exe (mateprover 0.2.0), --direct-depth --no-portfolio at 1,000,000 nodes

  arm MateHunter 19  (submission)
    engine id   MateHunter 19
    binary      matehunter19  sha256 d246758baf9643e362165a18759165609649207781cbfc6404c7ff97efd4ea30
    family      stockfish; base Stockfish 19; licence GPL-3.0
    source      https://github.com/ScottMoore0/matehunter at tag v0.1.0, whose search this development build reproduces (REFERENCE.md)
    claims      within-N
    options     Threads=1, Hash=256, MateMode=false, MateEval=true, MateEvalNull=true, MateEvalMain=false, MateEvalQS=false, MateNoRazor=false, MateNoFutility=false, MateNoNull=false, MateEvalOff=0
    at default  Debug Log File=<empty>, EvalFile=nn-1a298aa575a0.nnue, MateAttackW=100, MateCheckFirst=false, MateCheckOnly=false, MateCheckRelief=0, MateCheckW=180, MateDefendW=30, MateEscapeW=220, MateEvalV2=false, MateExposeW=40, MateKingRing2=false, MateKingSquares=0, MateKingZone=false, MateLearnedMinMoves=0, MateLearnedW=0, MateMaxDefender=0, MateNearW=600, MateNoLMR=false, MateNoRetreat=false, MateOrdering=false, MateScale=8, MateV2File=<empty>, MateWideMinMoves=16, MateWideRelief=0, Move Overhead=10, MultiPV=1, nodestime=0, NumaPolicy=auto, Ponder=false, Skill Level=20, Syzygy50MoveRule=true, SyzygyPath=<empty>, SyzygyProbeDepth=1, SyzygyProbeLimit=7, UCI_Chess960=false, UCI_Elo=1320, UCI_LimitStrength=false, UCI_ShowWDL=false
    certificates none
    notes       The recommended profile in REFERENCE.md: correction history as the evaluation, MateMode off, every other mate option set off explicitly. Tuned on matetrack, so matetrack positions are excluded from any pool it runs on.

  arm Stockfish 19  (reference)
    engine id   Stockfish 19
    binary      sf19  sha256 f267199f486e2ea65c89719b534c502e0d67ca84e269c27aa4504c3d3c82dc69
    family      stockfish; base Stockfish 19; licence GPL-3.0
    source      https://stockfishchess.org, release 19, built from the release source with MateHunter's compiler and flags
    claims      within-N
    options     Threads=1, Hash=256
    at default  Debug Log File=<empty>, EvalFile=nn-1a298aa575a0.nnue, Move Overhead=10, MultiPV=1, nodestime=0, NumaPolicy=auto, Ponder=false, Skill Level=20, Syzygy50MoveRule=true, SyzygyPath=<empty>, SyzygyProbeDepth=1, SyzygyProbeLimit=7, UCI_Chess960=false, UCI_Elo=1320, UCI_LimitStrength=false, UCI_ShowWDL=false
    certificates none
    notes       Stock engine at its defaults apart from one thread and a fixed hash, as in REFERENCE.md. It has no mate options to set.

  arm MateHunter 19 king-danger  (reference)
    engine id   MateHunter 19
    binary      matehunter19  sha256 d246758baf9643e362165a18759165609649207781cbfc6404c7ff97efd4ea30
    family      stockfish; base Stockfish 19; licence GPL-3.0
    source      https://github.com/ScottMoore0/matehunter at tag v0.1.0, whose search this development build reproduces (REFERENCE.md)
    claims      within-N
    options     Threads=1, Hash=256, MateMode=false, MateEval=true, MateEvalNull=false, MateEvalMain=false, MateEvalQS=false, MateNoRazor=false, MateNoFutility=false, MateNoNull=false, MateEvalOff=0
    at default  Debug Log File=<empty>, EvalFile=nn-1a298aa575a0.nnue, MateAttackW=100, MateCheckFirst=false, MateCheckOnly=false, MateCheckRelief=0, MateCheckW=180, MateDefendW=30, MateEscapeW=220, MateEvalV2=false, MateExposeW=40, MateKingRing2=false, MateKingSquares=0, MateKingZone=false, MateLearnedMinMoves=0, MateLearnedW=0, MateMaxDefender=0, MateNearW=600, MateNoLMR=false, MateNoRetreat=false, MateOrdering=false, MateScale=8, MateV2File=<empty>, MateWideMinMoves=16, MateWideRelief=0, Move Overhead=10, MultiPV=1, nodestime=0, NumaPolicy=auto, Ponder=false, Skill Level=20, Syzygy50MoveRule=true, SyzygyPath=<empty>, SyzygyProbeDepth=1, SyzygyProbeLimit=7, UCI_Chess960=false, UCI_Elo=1320, UCI_LimitStrength=false, UCI_ShowWDL=false
    certificates none
    notes       The full king-danger evaluator in REFERENCE.md: MateEval on, MateEvalNull off, MateMode off, every other mate option set off explicitly. Same binary as matehunter-19.json. Tuned on matetrack.

  arm Huntsman 1  (reference)
    engine id   The Huntsman 1
    binary      huntsman  sha256 79cd07410b59a3ebf3cd4fabbdc2b7b92a26d2d419620403691509282f8f141b
    family      stockfish; base Stockfish fork; licence GPL-3.0
    source      https://github.com/joergoster/Stockfish-old/releases/tag/h1 (the binary self-identifies as The Huntsman 1)
    claims      within-N
    options     Threads=1, Hash=256, MateSearch=true
    at default  Debug Log File=, EvalFile=nn-6877cd24400e.nnue, Move Overhead=10, MultiPV=1, nodestime=0, Ponder=false, Skill Level=20, Slow Mover=100, Syzygy50MoveRule=true, SyzygyPath=<empty>, SyzygyProbeDepth=1, SyzygyProbeLimit=7, UCI_AnalyseMode=false, UCI_Chess960=false, UCI_Elo=1350, UCI_LimitStrength=false, UCI_ShowWDL=false, Use NNUE=false
    certificates none
    notes       MateSearch is its default and is set anyway. Recorded as over-claiming, though none of 298 claims re-proved on 2026-09-14 was refuted (REFERENCE.md).

  positive control: every arm found the mate in one under its own manifest
  4684 searches to run, 0 already in results\clock\state.json

  19 claims to re-prove with MateProver, 1145 already proved

  claims and how they were verified
  arm                           n claimed verified   cert prover  refuted unconfirmed error cert fail   no end
  MateHunter 19              1171    1075     1003      0   1003        0          72     0         0        0
  Stockfish 19               1171    1049      984      0    984        0          65     0         0        0
  MateHunter 19 king-dange   1171    1087     1014      0   1014        0          73     0         0        0
  Huntsman 1                 1171    1121     1049      0   1049        0          72     0         0        0

  verified per band
  band          n MateHunter Stockfish  MateHunter Huntsman 1
  d1-7        878        795        792        807        822
  d8-12       293        208        192        207        227

  MateHunter 19 against Stockfish 19, paired on verified claims
  band          n      sub      ref sub only ref only        p
  d1-7        878      795      792       33       30   0.8013
  d8-12       293      208      192       26       10   0.0113
  all        1171     1003      984       59       40   0.0699
  reported claims, for context: sub only 72, ref only 46, p = 0.0210
  speed on the 944 positions both verified: sub faster on 395, ref faster on 548, p = 0.0000; time ratio ref/sub median 0.77, mean 2.18

  MateHunter 19 against MateHunter 19 king-danger, paired on verified claims
  band          n      sub      ref sub only ref only        p
  d1-7        878      795      807       16       28   0.0961
  d8-12       293      208      207       21       20   1.0000
  all        1171     1003     1014       37       48   0.2780
  reported claims, for context: sub only 44, ref only 56, p = 0.2713
  speed on the 966 positions both verified: sub faster on 386, ref faster on 578, p = 0.0000; time ratio ref/sub median 0.74, mean 1.99

  MateHunter 19 against Huntsman 1, paired on verified claims
  band          n      sub      ref sub only ref only        p
  d1-7        878      795      822       12       39   0.0002
  d8-12       293      208      227       12       31   0.0054
  all        1171     1003     1049       24       70   0.0000
  reported claims, for context: sub only 37, ref only 83, p = 0.0000
  speed on the 979 positions both verified: sub faster on 205, ref faster on 773, p = 0.0000; time ratio ref/sub median 0.26, mean 1.08

  The discordant pairs per band are the result. A pooled total can hide two opposite effects.
  Unconfirmed claims are not false: supply certificates to have them checked.

=== MATEBENCH SUBMISSION RUN ENDED ===
