  8886 ply-3 parents, 4 connections
  200/8886
  400/8886
  600/8886
  800/8886
  1000/8886
  1200/8886
  1400/8886
  1600/8886
  1800/8886
  2000/8886
  2200/8886
  2400/8886
  2600/8886
  2800/8886
  3000/8886
  3200/8886
  3400/8886
  3600/8886
  3800/8886
  4000/8886
  4200/8886
  4400/8886
  4600/8886
  4800/8886
  5000/8886
  5200/8886
  5400/8886
  5600/8886
  5800/8886
  6000/8886
  6200/8886
  6400/8886
  6600/8886
  6800/8886
  7000/8886
  7200/8886
  7400/8886
  7600/8886
  7800/8886
  8000/8886
  8200/8886
  8400/8886
  8600/8886
  8800/8886
  ply-4 positions scored: 196122 (forced mates excluded: 675); incomplete parents: 0
  x=4 worst for Black: 1.b1c3 c7c6 2.c3b5 d8c7   eval for Black -914
  x=4 worst for White: 1.c2c3 b7b5 2.d1a4 b5a4   eval for White -759   (carry-over predicted -759)
=== X4 SCAN ENDED ===
