  ChestUCI d>=26: 234 available, 234 sampled; 10,000,000 nodes, 1 thread each
  234 arm-positions to run

     40/234
     80/234
     120/234
     160/234
     200/234
     234/234
  matehunter  nps ~ 1,970,868
  huntsman    nps ~ 1,658,708
  matehunter-noeval nps ~ 1,477,526
  matehunter-eval-nomode nps ~ 2,718,042

  matehunter vs huntsman
  band         n      MH-arm   huntsman   MH only   HS only        p
  d26-30     65          19         28         2        11    0.022
  d31-99    155          24         37         6        19    0.015
  ALL        234          43         65         8        30   0.0005
  discordant 38: matehunter +8 / -30 -> huntsman AHEAD, p=0.0005

  matehunter-noeval vs huntsman
  band         n      MH-arm   huntsman   MH only   HS only        p
  d26-30     65          13         28         2        17    0.001
  d31-99    155          17         37         3        23    0.000
  ALL        234          30         65         5        40   0.0000
  discordant 45: matehunter-noeval +5 / -40 -> huntsman AHEAD, p=0.0000

  matehunter-eval-nomode vs huntsman
  band         n      MH-arm   huntsman   MH only   HS only        p
  d26-30     65          24         28         4         8    0.388
  d31-99    155          40         37        13        10    0.678
  ALL        234          64         65        17        18   1.0000
  discordant 35: matehunter-eval-nomode +17 / -18 -> not established

  Read the BAND rows. A pooled null can be two opposite effects cancelling.

=== H2H CHESTUCI ENDED ===
