  ChestUCI d>=14: 953 available, 400 sampled; 10,000,000 nodes, 1 thread each
  800 arm-positions to run

     40/800
     80/800
     120/800
     160/800
     200/800
     240/800
     280/800
     320/800
     360/800
     400/800
     440/800
     480/800
     520/800
     560/800
     600/800
     640/800
     680/800
     720/800
     760/800
     800/800
  matehunter  nps ~ 1,884,652
  huntsman    nps ~ 1,659,442

  band         n  matehunter   huntsman   MH only   HS only        p
  d14-17    196         157        147        24        14    0.143
  d18-21     76          56         42        16         2    0.001
  d22-25     30          14         14         6         6    1.000
  d26-30     29           9         15         1         7    0.070
  d31-99     65           9         13         3         7    0.344
  ALL        400         245        231        50        36   0.1606

  discordant pairs 86: MateHunter +50 / -36
  -> NOT ESTABLISHED at n=400. The engines remain indistinguishable on
     this instrument; a real difference, if any, is smaller than it can see.

=== H2H CHESTUCI ENDED ===
