  chestuci.epd d10-max: 2477 paired positions; mh19-only claims 330, huntsman-only claims 211, shared 1432 (sampling 100)
  MateProver --direct-depth --no-portfolio at the claimed length, 20,000,000 nodes; 609 proofs to run

     50/609
     100/609
     150/609
     200/609
     250/609
     300/609
     350/609
     400/609
     450/609
     500/609
     550/609
     600/609
     609/609
  claims only one arm made
  arm        claims  verified  refuted  unconfirmed  error
  mh19         330       193        0          137      0
  huntsman     211       105        0          106      0

  claims both made (sample of 100)
  mh19         100        72        0           28      0
  huntsman     100        72        0           28      0

  paired, on VERIFIED discordant claims only: mh19 against huntsman
  band        a only   b only        p
  d10-13         150       75   0.0000
  d14-17          26       15   0.1173
  d18-21          14       10   0.5413
  d22-25           1        3   0.6250
  d26-30           1        2   1.0000
  d31-+            1        0   1.0000
  ALL            193      105   0.0000

  Refuted claims were counted as solved by vs_stockfish.py; unconfirmed ones may be either.

=== VERIFY CLAIMS ENDED ===
