  ChestUCI d10-13: 1524 positions; 10,000,000 nodes, 1 thread, arms mh19-off,mh19-null,null-no-corrhist,nnue-no-corrhist,null-no-correval,nnue-no-correval,null-no-improving,nnue-no-improving,null-no-quietfut,nnue-no-quietfut,nnue-no-aspiration
  15240 arm-positions to run

     50/15240
     100/15240
     150/15240
     200/15240
     250/15240
     300/15240
     350/15240
     400/15240
     450/15240
     500/15240
     550/15240
     600/15240
     650/15240
     700/15240
     750/15240
     800/15240
     850/15240
     900/15240
     950/15240
     1000/15240
     1050/15240
     1100/15240
     1150/15240
     1200/15240
     1250/15240
     1300/15240
     1350/15240
     1400/15240
     1450/15240
     1500/15240
     1550/15240
     1600/15240
     1650/15240
     1700/15240
     1750/15240
     1800/15240
     1850/15240
     1900/15240
     1950/15240
     2000/15240
     2050/15240
     2100/15240
     2150/15240
     2200/15240
     2250/15240
     2300/15240
     2350/15240
     2400/15240
     2450/15240
     2500/15240
     2550/15240
     2600/15240
     2650/15240
     2700/15240
     2750/15240
     2800/15240
     2850/15240
     2900/15240
     2950/15240
     3000/15240
     3050/15240
     3100/15240
     3150/15240
     3200/15240
     3250/15240
     3300/15240
     3350/15240
     3400/15240
     3450/15240
     3500/15240
     3550/15240
     3600/15240
     3650/15240
     3700/15240
     3750/15240
     3800/15240
     3850/15240
     3900/15240
     3950/15240
     4000/15240
     4050/15240
     4100/15240
     4150/15240
     4200/15240
     4250/15240
     4300/15240
     4350/15240
     4400/15240
     4450/15240
     4500/15240
     4550/15240
     4600/15240
     4650/15240
     4700/15240
     4750/15240
     4800/15240
     4850/15240
     4900/15240
     4950/15240
     5000/15240
     5050/15240
     5100/15240
     5150/15240
     5200/15240
     5250/15240
     5300/15240
     5350/15240
     5400/15240
     5450/15240
     5500/15240
     5550/15240
     5600/15240
     5650/15240
     5700/15240
     5750/15240
     5800/15240
     5850/15240
     5900/15240
     5950/15240
     6000/15240
     6050/15240
     6100/15240
     6150/15240
     6200/15240
     6250/15240
     6300/15240
     6350/15240
     6400/15240
     6450/15240
     6500/15240
     6550/15240
     6600/15240
     6650/15240
     6700/15240
     6750/15240
     6800/15240
     6850/15240
     6900/15240
     6950/15240
     7000/15240
     7050/15240
     7100/15240
     7150/15240
     7200/15240
     7250/15240
     7300/15240
     7350/15240
     7400/15240
     7450/15240
     7500/15240
     7550/15240
     7600/15240
     7650/15240
     7700/15240
     7750/15240
     7800/15240
     7850/15240
     7900/15240
     7950/15240
     8000/15240
     8050/15240
     8100/15240
     8150/15240
     8200/15240
     8250/15240
     8300/15240
     8350/15240
     8400/15240
     8450/15240
     8500/15240
     8550/15240
     8600/15240
     8650/15240
     8700/15240
     8750/15240
     8800/15240
     8850/15240
     8900/15240
     8950/15240
     9000/15240
     9050/15240
     9100/15240
     9150/15240
     9200/15240
     9250/15240
     9300/15240
     9350/15240
     9400/15240
     9450/15240
     9500/15240
     9550/15240
     9600/15240
     9650/15240
     9700/15240
     9750/15240
     9800/15240
     9850/15240
     9900/15240
     9950/15240
     10000/15240
     10050/15240
     10100/15240
     10150/15240
     10200/15240
     10250/15240
     10300/15240
     10350/15240
     10400/15240
     10450/15240
     10500/15240
     10550/15240
     10600/15240
     10650/15240
     10700/15240
     10750/15240
     10800/15240
     10850/15240
     10900/15240
     10950/15240
     11000/15240
     11050/15240
     11100/15240
     11150/15240
     11200/15240
     11250/15240
     11300/15240
     11350/15240
     11400/15240
     11450/15240
     11500/15240
     11550/15240
     11600/15240
     11650/15240
     11700/15240
     11750/15240
     11800/15240
     11850/15240
     11900/15240
     11950/15240
     12000/15240
     12050/15240
     12100/15240
     12150/15240
     12200/15240
     12250/15240
     12300/15240
     12350/15240
     12400/15240
     12450/15240
     12500/15240
     12550/15240
     12600/15240
     12650/15240
     12700/15240
     12750/15240
     12800/15240
     12850/15240
     12900/15240
     12950/15240
     13000/15240
     13050/15240
     13100/15240
     13150/15240
     13200/15240
     13250/15240
     13300/15240
     13350/15240
     13400/15240
     13450/15240
     13500/15240
     13550/15240
     13600/15240
     13650/15240
     13700/15240
     13750/15240
     13800/15240
     13850/15240
     13900/15240
     13950/15240
     14000/15240
     14050/15240
     14100/15240
     14150/15240
     14200/15240
     14250/15240
     14300/15240
     14350/15240
     14400/15240
     14450/15240
     14500/15240
     14550/15240
     14600/15240
     14650/15240
     14700/15240
     14750/15240
     14800/15240
     14850/15240
     14900/15240
     14950/15240
     15000/15240
     15050/15240
     15100/15240
     15150/15240
     15200/15240
     15240/15240

  mh19-off   solved  757/1524   nps ~ 1,210,424
  mh19-null  solved 1225/1524   nps ~ 2,291,119
  null-no-corrhist solved  677/1524   nps ~ 2,574,532
  nnue-no-corrhist solved  689/1524   nps ~ 1,246,966
  null-no-correval solved  732/1524   nps ~ 2,453,367
  nnue-no-correval solved  710/1524   nps ~ 1,211,166
  null-no-improving solved 1194/1524   nps ~ 2,470,737
  nnue-no-improving solved  737/1524   nps ~ 1,193,681
  null-no-quietfut solved 1181/1524   nps ~ 2,856,128
  nnue-no-quietfut solved  673/1524   nps ~ 1,332,261
  nnue-no-aspiration solved  719/1524   nps ~ 1,206,234

  MECHANISM: a constant evaluation -- is it just the absence of NNUE?
  mh19-null vs mh19-off
  band          n mh19-nul mh19-off   x only   y only        p
  d10-13    1524     1225      757      520       52   0.0000
  ALL        1524     1225      757      520       52   0.0000

  CONSUMER, constant evaluation: improving switched off
  null-no-improving vs mh19-null
  band          n null-no- mh19-nul   x only   y only        p
  d10-13    1524     1194     1225       88      119   0.0368
  ALL        1524     1194     1225       88      119   0.0368

  CONSUMER, NNUE: improving switched off
  nnue-no-improving vs mh19-off
  band          n nnue-no- mh19-off   x only   y only        p
  d10-13    1524      737      757       71       91   0.1352
  ALL        1524      737      757       71       91   0.1352

  CONSUMER, constant evaluation: quietfut switched off
  null-no-quietfut vs mh19-null
  band          n null-no- mh19-nul   x only   y only        p
  d10-13    1524     1181     1225       77      121   0.0022
  ALL        1524     1181     1225       77      121   0.0022

  CONSUMER, NNUE: quietfut switched off
  nnue-no-quietfut vs mh19-off
  band          n nnue-no- mh19-off   x only   y only        p
  d10-13    1524      673      757       66      150   0.0000
  ALL        1524      673      757       66      150   0.0000

  CONSUMER, constant evaluation: corrhist switched off
  null-no-corrhist vs mh19-null
  band          n null-no- mh19-nul   x only   y only        p
  d10-13    1524      677     1225       48      596   0.0000
  ALL        1524      677     1225       48      596   0.0000

  CONSUMER, NNUE: corrhist switched off
  nnue-no-corrhist vs mh19-off
  band          n nnue-no- mh19-off   x only   y only        p
  d10-13    1524      689      757       66      134   0.0000
  ALL        1524      689      757       66      134   0.0000

  CONSUMER, NNUE: aspiration switched off
  nnue-no-aspiration vs mh19-off
  band          n nnue-no- mh19-off   x only   y only        p
  d10-13    1524      719      757       76      114   0.0071
  ALL        1524      719      757       76      114   0.0071

  CONSUMER, constant evaluation: correval switched off
  null-no-correval vs mh19-null
  band          n null-no- mh19-nul   x only   y only        p
  d10-13    1524      732     1225       45      538   0.0000
  ALL        1524      732     1225       45      538   0.0000

  CONSUMER, NNUE: correval switched off
  nnue-no-correval vs mh19-off
  band          n nnue-no- mh19-off   x only   y only        p
  d10-13    1524      710      757       60      107   0.0003
  ALL        1524      710      757       60      107   0.0003

  Read the BAND rows. A pooled null can be two opposite effects cancelling.

=== VS STOCKFISH ENDED ===
