  ChestUCI d14-max: 953 positions; 5000 ms a position, 1 thread, arms sf19,mh19,mh19-null
  2859 arm-positions to run

     50/2859
     100/2859
     150/2859
     200/2859
     250/2859
     300/2859
     350/2859
     400/2859
     450/2859
     500/2859
     550/2859
     600/2859
     650/2859
     700/2859
     750/2859
     800/2859
     850/2859
     900/2859
     950/2859
     1000/2859
     1050/2859
     1100/2859
     1150/2859
     1200/2859
     1250/2859
     1300/2859
     1350/2859
     1400/2859
     1450/2859
     1500/2859
     1550/2859
     1600/2859
     1650/2859
     1700/2859
     1750/2859
     1800/2859
     1850/2859
     1900/2859
     1950/2859
     2000/2859
     2050/2859
     2100/2859
     2150/2859
     2200/2859
     2250/2859
     2300/2859
     2350/2859
     2400/2859
     2450/2859
     2500/2859
     2550/2859
     2600/2859
     2650/2859
     2700/2859
     2750/2859
     2800/2859
     2850/2859
     2859/2859

  sf19       solved  324/953   nps ~ 1,441,579
  mh19       solved  592/953   nps ~ 2,572,870
  mh19-null  solved  606/953   nps ~ 2,795,287

  MateHunter (shipped profile) against stock Stockfish 19
  mh19 vs sf19
  band          n     mh19     sf19   x only   y only        p
  d14-17     449      349      209      159       19   0.0000
  d18-21     186      123       65       64        6   0.0000
  d22-25      84       55       24       34        3   0.0000
  d26-30      65       29       11       21        3   0.0003
  d31-+      169       36       15       24        3   0.0000
  ALL         953      592      324      302       34   0.0000

  MECHANISM: what the king-danger signal adds over a constant evaluation
  mh19 vs mh19-null
  band          n     mh19 mh19-nul   x only   y only        p
  d14-17     449      349      366       20       37   0.0331
  d18-21     186      123      124       16       17   1.0000
  d22-25      84       55       56        5        6   1.0000
  d26-30      65       29       26        6        3   0.5078
  d31-+      169       36       34       11        9   0.8238
  ALL         953      592      606       58       72   0.2541

  Read the BAND rows. A pooled null can be two opposite effects cancelling.

=== VS STOCKFISH ENDED ===
