  ChestUCI d14-max: 953 positions; 10,000,000 nodes, 1 thread, arms mh19-off,mh19-null,null-no-improving,nnue-no-improving,null-no-ordering,nnue-no-ordering,null-no-probcut,nnue-no-probcut,null-no-capfut,nnue-no-capfut,null-no-quietfut,nnue-no-quietfut,null-no-movecount,nnue-no-movecount,null-no-lmreval,nnue-no-lmreval,null-no-qsfut,nnue-no-qsfut,null-no-corrhist,nnue-no-corrhist,null-no-aspiration,nnue-no-aspiration,null-no-bonusscale,nnue-no-bonusscale
  20966 arm-positions to run

     50/20966
     100/20966
     150/20966
     200/20966
     250/20966
     300/20966
     350/20966
     400/20966
     450/20966
     500/20966
     550/20966
     600/20966
     650/20966
     700/20966
     750/20966
     800/20966
     850/20966
     900/20966
     950/20966
     1000/20966
     1050/20966
     1100/20966
     1150/20966
     1200/20966
     1250/20966
     1300/20966
     1350/20966
     1400/20966
     1450/20966
     1500/20966
     1550/20966
     1600/20966
     1650/20966
     1700/20966
     1750/20966
     1800/20966
     1850/20966
     1900/20966
     1950/20966
     2000/20966
     2050/20966
     2100/20966
     2150/20966
     2200/20966
     2250/20966
     2300/20966
     2350/20966
     2400/20966
     2450/20966
     2500/20966
     2550/20966
     2600/20966
     2650/20966
     2700/20966
     2750/20966
     2800/20966
     2850/20966
     2900/20966
     2950/20966
     3000/20966
     3050/20966
     3100/20966
     3150/20966
     3200/20966
     3250/20966
     3300/20966
     3350/20966
     3400/20966
     3450/20966
     3500/20966
     3550/20966
     3600/20966
     3650/20966
     3700/20966
     3750/20966
     3800/20966
     3850/20966
     3900/20966
     3950/20966
     4000/20966
     4050/20966
     4100/20966
     4150/20966
     4200/20966
     4250/20966
     4300/20966
     4350/20966
     4400/20966
     4450/20966
     4500/20966
     4550/20966
     4600/20966
     4650/20966
     4700/20966
     4750/20966
     4800/20966
     4850/20966
     4900/20966
     4950/20966
     5000/20966
     5050/20966
     5100/20966
     5150/20966
     5200/20966
     5250/20966
     5300/20966
     5350/20966
     5400/20966
     5450/20966
     5500/20966
     5550/20966
     5600/20966
     5650/20966
     5700/20966
     5750/20966
     5800/20966
     5850/20966
     5900/20966
     5950/20966
     6000/20966
     6050/20966
     6100/20966
     6150/20966
     6200/20966
     6250/20966
     6300/20966
     6350/20966
     6400/20966
     6450/20966
     6500/20966
     6550/20966
     6600/20966
     6650/20966
     6700/20966
     6750/20966
     6800/20966
     6850/20966
     6900/20966
     6950/20966
     7000/20966
     7050/20966
     7100/20966
     7150/20966
     7200/20966
     7250/20966
     7300/20966
     7350/20966
     7400/20966
     7450/20966
     7500/20966
     7550/20966
     7600/20966
     7650/20966
     7700/20966
     7750/20966
     7800/20966
     7850/20966
     7900/20966
     7950/20966
     8000/20966
     8050/20966
     8100/20966
     8150/20966
     8200/20966
     8250/20966
     8300/20966
     8350/20966
     8400/20966
     8450/20966
     8500/20966
     8550/20966
     8600/20966
     8650/20966
     8700/20966
     8750/20966
     8800/20966
     8850/20966
     8900/20966
     8950/20966
     9000/20966
     9050/20966
     9100/20966
     9150/20966
     9200/20966
     9250/20966
     9300/20966
     9350/20966
     9400/20966
     9450/20966
     9500/20966
     9550/20966
     9600/20966
     9650/20966
     9700/20966
     9750/20966
     9800/20966
     9850/20966
     9900/20966
     9950/20966
     10000/20966
     10050/20966
     10100/20966
     10150/20966
     10200/20966
     10250/20966
     10300/20966
     10350/20966
     10400/20966
     10450/20966
     10500/20966
     10550/20966
     10600/20966
     10650/20966
     10700/20966
     10750/20966
     10800/20966
     10850/20966
     10900/20966
     10950/20966
     11000/20966
     11050/20966
     11100/20966
     11150/20966
     11200/20966
     11250/20966
     11300/20966
     11350/20966
     11400/20966
     11450/20966
     11500/20966
     11550/20966
     11600/20966
     11650/20966
     11700/20966
     11750/20966
     11800/20966
     11850/20966
     11900/20966
     11950/20966
     12000/20966
     12050/20966
     12100/20966
     12150/20966
     12200/20966
     12250/20966
     12300/20966
     12350/20966
     12400/20966
     12450/20966
     12500/20966
     12550/20966
     12600/20966
     12650/20966
     12700/20966
     12750/20966
     12800/20966
     12850/20966
     12900/20966
     12950/20966
     13000/20966
     13050/20966
     13100/20966
     13150/20966
     13200/20966
     13250/20966
     13300/20966
     13350/20966
     13400/20966
     13450/20966
     13500/20966
     13550/20966
     13600/20966
     13650/20966
     13700/20966
     13750/20966
     13800/20966
     13850/20966
     13900/20966
     13950/20966
     14000/20966
     14050/20966
     14100/20966
     14150/20966
     14200/20966
     14250/20966
     14300/20966
     14350/20966
     14400/20966
     14450/20966
     14500/20966
     14550/20966
     14600/20966
     14650/20966
     14700/20966
     14750/20966
     14800/20966
     14850/20966
     14900/20966
     14950/20966
     15000/20966
     15050/20966
     15100/20966
     15150/20966
     15200/20966
     15250/20966
     15300/20966
     15350/20966
     15400/20966
     15450/20966
     15500/20966
     15550/20966
     15600/20966
     15650/20966
     15700/20966
     15750/20966
     15800/20966
     15850/20966
     15900/20966
     15950/20966
     16000/20966
     16050/20966
     16100/20966
     16150/20966
     16200/20966
     16250/20966
     16300/20966
     16350/20966
     16400/20966
     16450/20966
     16500/20966
     16550/20966
     16600/20966
     16650/20966
     16700/20966
     16750/20966
     16800/20966
     16850/20966
     16900/20966
     16950/20966
     17000/20966
     17050/20966
     17100/20966
     17150/20966
     17200/20966
     17250/20966
     17300/20966
     17350/20966
     17400/20966
     17450/20966
     17500/20966
     17550/20966
     17600/20966
     17650/20966
     17700/20966
     17750/20966
     17800/20966
     17850/20966
     17900/20966
     17950/20966
     18000/20966
     18050/20966
     18100/20966
     18150/20966
     18200/20966
     18250/20966
     18300/20966
     18350/20966
     18400/20966
     18450/20966
     18500/20966
     18550/20966
     18600/20966
     18650/20966
     18700/20966
     18750/20966
     18800/20966
     18850/20966
     18900/20966
     18950/20966
     19000/20966
     19050/20966
     19100/20966
     19150/20966
     19200/20966
     19250/20966
     19300/20966
     19350/20966
     19400/20966
     19450/20966
     19500/20966
     19550/20966
     19600/20966
     19650/20966
     19700/20966
     19750/20966
     19800/20966
     19850/20966
     19900/20966
     19950/20966
     20000/20966
     20050/20966
     20100/20966
     20150/20966
     20200/20966
     20250/20966
     20300/20966
     20350/20966
     20400/20966
     20450/20966
     20500/20966
     20550/20966
     20600/20966
     20650/20966
     20700/20966
     20750/20966
     20800/20966
     20850/20966
     20900/20966
     20950/20966
     20966/20966

  mh19-off   solved  343/953   nps ~ 941,635
  mh19-null  solved  590/953   nps ~ 2,004,585
  null-no-improving solved  542/953   nps ~ 2,507,526
  nnue-no-improving solved  314/953   nps ~ 1,224,180
  null-no-ordering solved  573/953   nps ~ 2,470,777
  nnue-no-ordering solved  323/953   nps ~ 1,277,051
  null-no-probcut solved  584/953   nps ~ 2,498,372
  nnue-no-probcut solved  325/953   nps ~ 1,227,403
  null-no-capfut solved  570/953   nps ~ 2,549,683
  nnue-no-capfut solved  324/953   nps ~ 1,273,946
  null-no-quietfut solved  556/953   nps ~ 2,744,871
  nnue-no-quietfut solved  288/953   nps ~ 1,393,721
  null-no-movecount solved  581/953   nps ~ 2,554,702
  nnue-no-movecount solved  323/953   nps ~ 1,263,386
  null-no-lmreval solved  576/953   nps ~ 2,540,529
  nnue-no-lmreval solved  327/953   nps ~ 1,262,740
  null-no-qsfut solved  587/953   nps ~ 2,589,600
  nnue-no-qsfut solved  334/953   nps ~ 1,258,884
  null-no-corrhist solved  159/953   nps ~ 2,547,197
  nnue-no-corrhist solved  300/953   nps ~ 1,292,272
  null-no-aspiration solved  567/953   nps ~ 2,516,664
  nnue-no-aspiration solved  309/953   nps ~ 1,242,218
  null-no-bonusscale solved  584/953   nps ~ 2,497,265
  nnue-no-bonusscale solved  331/953   nps ~ 1,236,553

  MECHANISM: a constant evaluation -- is it just the absence of NNUE?
  mh19-null vs mh19-off
  band          n mh19-nul mh19-off   x only   y only        p
  d14-17     449      364      220      161       17   0.0000
  d18-21     186      121       69       59        7   0.0000
  d22-25      84       51       26       29        4   0.0000
  d26-30      65       23       11       16        4   0.0118
  d31-+      169       31       17       18        4   0.0043
  ALL         953      590      343      283       36   0.0000

  CONSUMER, constant evaluation: improving switched off
  null-no-improving vs mh19-null
  band          n null-no- mh19-nul   x only   y only        p
  d14-17     449      345      364       17       36   0.0127
  d18-21     186      106      121        9       24   0.0135
  d22-25      84       45       51        3        9   0.1460
  d26-30      65       21       23        4        6   0.7539
  d31-+      169       25       31        9       15   0.3075
  ALL         953      542      590       42       90   0.0000

  CONSUMER, NNUE: improving switched off
  nnue-no-improving vs mh19-off
  band          n nnue-no- mh19-off   x only   y only        p
  d14-17     449      205      220       24       39   0.0769
  d18-21     186       59       69        3       13   0.0213
  d22-25      84       22       26        4        8   0.3877
  d26-30      65       11       11        3        3   1.0000
  d31-+      169       17       17        5        5   1.0000
  ALL         953      314      343       39       68   0.0065

  CONSUMER, constant evaluation: ordering switched off
  null-no-ordering vs mh19-null
  band          n null-no- mh19-nul   x only   y only        p
  d14-17     449      352      364       19       31   0.1189
  d18-21     186      123      121       17       15   0.8601
  d22-25      84       48       51        4        7   0.5488
  d26-30      65       23       23        5        5   1.0000
  d31-+      169       27       31        8       12   0.5034
  ALL         953      573      590       53       70   0.1488

  CONSUMER, NNUE: ordering switched off
  nnue-no-ordering vs mh19-off
  band          n nnue-no- mh19-off   x only   y only        p
  d14-17     449      209      220       24       35   0.1925
  d18-21     186       65       69        8       12   0.5034
  d22-25      84       22       26        3        7   0.3438
  d26-30      65       15       11        7        3   0.3438
  d31-+      169       12       17        1        6   0.1250
  ALL         953      323      343       43       63   0.0645

  CONSUMER, constant evaluation: probcut switched off
  null-no-probcut vs mh19-null
  band          n null-no- mh19-nul   x only   y only        p
  d14-17     449      364      364       24       24   1.0000
  d18-21     186      120      121       11       12   1.0000
  d22-25      84       50       51        7        8   1.0000
  d26-30      65       22       23        3        4   1.0000
  d31-+      169       28       31        8       11   0.6476
  ALL         953      584      590       53       59   0.6368

  CONSUMER, NNUE: probcut switched off
  nnue-no-probcut vs mh19-off
  band          n nnue-no- mh19-off   x only   y only        p
  d14-17     449      209      220       21       32   0.1690
  d18-21     186       61       69        4       12   0.0768
  d22-25      84       27       26        6        5   1.0000
  d26-30      65       14       11        5        2   0.4531
  d31-+      169       14       17        2        5   0.4531
  ALL         953      325      343       38       56   0.0790

  CONSUMER, constant evaluation: capfut switched off
  null-no-capfut vs mh19-null
  band          n null-no- mh19-nul   x only   y only        p
  d14-17     449      352      364       16       28   0.0961
  d18-21     186      125      121       17       13   0.5847
  d22-25      84       47       51        8       12   0.5034
  d26-30      65       19       23        3        7   0.3438
  d31-+      169       27       31        7       11   0.4807
  ALL         953      570      590       51       71   0.0850

  CONSUMER, NNUE: capfut switched off
  nnue-no-capfut vs mh19-off
  band          n nnue-no- mh19-off   x only   y only        p
  d14-17     449      213      220       17       24   0.3489
  d18-21     186       61       69        5       13   0.0963
  d22-25      84       24       26        3        5   0.7266
  d26-30      65       15       11        5        1   0.2188
  d31-+      169       11       17        0        6   0.0312
  ALL         953      324      343       30       49   0.0422

  CONSUMER, constant evaluation: quietfut switched off
  null-no-quietfut vs mh19-null
  band          n null-no- mh19-nul   x only   y only        p
  d14-17     449      347      364       16       33   0.0213
  d18-21     186      120      121       19       20   1.0000
  d22-25      84       43       51        4       12   0.0768
  d26-30      65       21       23        3        5   0.7266
  d31-+      169       25       31        5       11   0.2101
  ALL         953      556      590       47       81   0.0034

  CONSUMER, NNUE: quietfut switched off
  nnue-no-quietfut vs mh19-off
  band          n nnue-no- mh19-off   x only   y only        p
  d14-17     449      183      220       14       51   0.0000
  d18-21     186       57       69        5       17   0.0169
  d22-25      84       22       26        3        7   0.3438
  d26-30      65       14       11        5        2   0.4531
  d31-+      169       12       17        1        6   0.1250
  ALL         953      288      343       28       83   0.0000

  CONSUMER, constant evaluation: movecount switched off
  null-no-movecount vs mh19-null
  band          n null-no- mh19-nul   x only   y only        p
  d14-17     449      353      364       19       30   0.1524
  d18-21     186      124      121       15       12   0.7011
  d22-25      84       49       51        8       10   0.8145
  d26-30      65       23       23        5        5   1.0000
  d31-+      169       32       31       11       10   1.0000
  ALL         953      581      590       58       67   0.4744

  CONSUMER, NNUE: movecount switched off
  nnue-no-movecount vs mh19-off
  band          n nnue-no- mh19-off   x only   y only        p
  d14-17     449      212      220       19       27   0.3020
  d18-21     186       62       69        7       14   0.1892
  d22-25      84       22       26        2        6   0.2891
  d26-30      65       13       11        4        2   0.6875
  d31-+      169       14       17        1        4   0.3750
  ALL         953      323      343       33       53   0.0399

  CONSUMER, constant evaluation: lmreval switched off
  null-no-lmreval vs mh19-null
  band          n null-no- mh19-nul   x only   y only        p
  d14-17     449      364      364       23       23   1.0000
  d18-21     186      118      121       15       18   0.7283
  d22-25      84       47       51        6       10   0.4545
  d26-30      65       20       23        2        5   0.4531
  d31-+      169       27       31        6       10   0.4545
  ALL         953      576      590       52       66   0.2313

  CONSUMER, NNUE: lmreval switched off
  nnue-no-lmreval vs mh19-off
  band          n nnue-no- mh19-off   x only   y only        p
  d14-17     449      214      220       19       25   0.4514
  d18-21     186       60       69        6       15   0.0784
  d22-25      84       25       26        6        7   1.0000
  d26-30      65       16       11        7        2   0.1797
  d31-+      169       12       17        1        6   0.1250
  ALL         953      327      343       39       55   0.1214

  CONSUMER, constant evaluation: qsfut switched off
  null-no-qsfut vs mh19-null
  band          n null-no- mh19-nul   x only   y only        p
  d14-17     449      358      364       19       25   0.4514
  d18-21     186      123      121       15       13   0.8506
  d22-25      84       49       51        8       10   0.8145
  d26-30      65       27       23        8        4   0.3877
  d31-+      169       30       31        9       10   1.0000
  ALL         953      587      590       59       62   0.8558

  CONSUMER, NNUE: qsfut switched off
  nnue-no-qsfut vs mh19-off
  band          n nnue-no- mh19-off   x only   y only        p
  d14-17     449      222      220       26       24   0.8877
  d18-21     186       61       69        5       13   0.0963
  d22-25      84       24       26        3        5   0.7266
  d26-30      65       11       11        2        2   1.0000
  d31-+      169       16       17        2        3   1.0000
  ALL         953      334      343       38       47   0.3857

  CONSUMER, constant evaluation: corrhist switched off
  null-no-corrhist vs mh19-null
  band          n null-no- mh19-nul   x only   y only        p
  d14-17     449      113      364        5      256   0.0000
  d18-21     186       29      121        3       95   0.0000
  d22-25      84       12       51        0       39   0.0000
  d26-30      65        2       23        0       21   0.0000
  d31-+      169        3       31        0       28   0.0000
  ALL         953      159      590        8      439   0.0000

  CONSUMER, NNUE: corrhist switched off
  nnue-no-corrhist vs mh19-off
  band          n nnue-no- mh19-off   x only   y only        p
  d14-17     449      192      220       14       42   0.0002
  d18-21     186       56       69        5       18   0.0106
  d22-25      84       25       26        6        7   1.0000
  d26-30      65       13       11        3        1   0.6250
  d31-+      169       14       17        2        5   0.4531
  ALL         953      300      343       30       73   0.0000

  CONSUMER, constant evaluation: aspiration switched off
  null-no-aspiration vs mh19-null
  band          n null-no- mh19-nul   x only   y only        p
  d14-17     449      350      364       25       39   0.1034
  d18-21     186      117      121       16       20   0.6177
  d22-25      84       47       51        5        9   0.4240
  d26-30      65       15       23        2       10   0.0386
  d31-+      169       38       31       16        9   0.2295
  ALL         953      567      590       64       87   0.0730

  CONSUMER, NNUE: aspiration switched off
  nnue-no-aspiration vs mh19-off
  band          n nnue-no- mh19-off   x only   y only        p
  d14-17     449      207      220       25       38   0.1299
  d18-21     186       56       69        8       21   0.0241
  d22-25      84       23       26        5        8   0.5811
  d26-30      65       10       11        2        3   1.0000
  d31-+      169       13       17        3        7   0.3438
  ALL         953      309      343       43       77   0.0024

  CONSUMER, constant evaluation: bonusscale switched off
  null-no-bonusscale vs mh19-null
  band          n null-no- mh19-nul   x only   y only        p
  d14-17     449      364      364       26       26   1.0000
  d18-21     186      118      121       10       13   0.6776
  d22-25      84       52       51        8        7   1.0000
  d26-30      65       19       23        4        8   0.3877
  d31-+      169       31       31        6        6   1.0000
  ALL         953      584      590       54       60   0.6398

  CONSUMER, NNUE: bonusscale switched off
  nnue-no-bonusscale vs mh19-off
  band          n nnue-no- mh19-off   x only   y only        p
  d14-17     449      212      220       24       32   0.3497
  d18-21     186       64       69        3        8   0.2266
  d22-25      84       24       26        3        5   0.7266
  d26-30      65       14       11        4        1   0.3750
  d31-+      169       17       17        4        4   1.0000
  ALL         953      331      343       38       50   0.2408

  Read the BAND rows. A pooled null can be two opposite effects cancelling.

=== VS STOCKFISH ENDED ===
