  ChestUCI d10-13: 1524 positions; 5000 ms a position, 1 thread, arms sf19,mh19,mh19-null
  4572 arm-positions to run

     50/4572
     100/4572
     150/4572
     200/4572
     250/4572
     300/4572
     350/4572
     400/4572
     450/4572
     500/4572
     550/4572
     600/4572
     650/4572
     700/4572
     750/4572
     800/4572
     850/4572
     900/4572
     950/4572
     1000/4572
     1050/4572
     1100/4572
     1150/4572
     1200/4572
     1250/4572
     1300/4572
     1350/4572
     1400/4572
     1450/4572
     1500/4572
     1550/4572
     1600/4572
     1650/4572
     1700/4572
     1750/4572
     1800/4572
     1850/4572
     1900/4572
     1950/4572
     2000/4572
     2050/4572
     2100/4572
     2150/4572
     2200/4572
     2250/4572
     2300/4572
     2350/4572
     2400/4572
     2450/4572
     2500/4572
     2550/4572
     2600/4572
     2650/4572
     2700/4572
     2750/4572
     2800/4572
     2850/4572
     2900/4572
     2950/4572
     3000/4572
     3050/4572
     3100/4572
     3150/4572
     3200/4572
     3250/4572
     3300/4572
     3350/4572
     3400/4572
     3450/4572
     3500/4572
     3550/4572
     3600/4572
     3650/4572
     3700/4572
     3750/4572
     3800/4572
     3850/4572
     3900/4572
     3950/4572
     4000/4572
     4050/4572
     4100/4572
     4150/4572
     4200/4572
     4250/4572
     4300/4572
     4350/4572
     4400/4572
     4450/4572
     4500/4572
     4550/4572
     4572/4572

  sf19       solved  715/1524   nps ~ 1,341,728
  mh19       solved 1195/1524   nps ~ 2,452,565
  mh19-null  solved 1244/1524   nps ~ 2,651,658

  MateHunter (shipped profile) against stock Stockfish 19
  mh19 vs sf19
  band          n     mh19     sf19   x only   y only        p
  d10-13    1524     1195      715      522       42   0.0000
  ALL        1524     1195      715      522       42   0.0000

  MECHANISM: what the king-danger signal adds over a constant evaluation
  mh19 vs mh19-null
  band          n     mh19 mh19-nul   x only   y only        p
  d10-13    1524     1195     1244       87      136   0.0013
  ALL        1524     1195     1244       87      136   0.0013

  Read the BAND rows. A pooled null can be two opposite effects cancelling.

=== VS STOCKFISH ENDED ===
