  ChestUCI d14-max: 953 positions; 10,000,000 nodes, 1 thread, arms sf19,mh19-off,mh19,mh19-main,mh19-qs,mh19-null,mh19-escapes,mh19-noprune
  7624 arm-positions to run

     50/7624
     100/7624
     150/7624
     200/7624
     250/7624
     300/7624
     350/7624
     400/7624
     450/7624
     500/7624
     550/7624
     600/7624
     650/7624
     700/7624
     750/7624
     800/7624
     850/7624
     900/7624
     950/7624
     1000/7624
     1050/7624
     1100/7624
     1150/7624
     1200/7624
     1250/7624
     1300/7624
     1350/7624
     1400/7624
     1450/7624
     1500/7624
     1550/7624
     1600/7624
     1650/7624
     1700/7624
     1750/7624
     1800/7624
     1850/7624
     1900/7624
     1950/7624
     2000/7624
     2050/7624
     2100/7624
     2150/7624
     2200/7624
     2250/7624
     2300/7624
     2350/7624
     2400/7624
     2450/7624
     2500/7624
     2550/7624
     2600/7624
     2650/7624
     2700/7624
     2750/7624
     2800/7624
     2850/7624
     2900/7624
     2950/7624
     3000/7624
     3050/7624
     3100/7624
     3150/7624
     3200/7624
     3250/7624
     3300/7624
     3350/7624
     3400/7624
     3450/7624
     3500/7624
     3550/7624
     3600/7624
     3650/7624
     3700/7624
     3750/7624
     3800/7624
     3850/7624
     3900/7624
     3950/7624
     4000/7624
     4050/7624
     4100/7624
     4150/7624
     4200/7624
     4250/7624
     4300/7624
     4350/7624
     4400/7624
     4450/7624
     4500/7624
     4550/7624
     4600/7624
     4650/7624
     4700/7624
     4750/7624
     4800/7624
     4850/7624
     4900/7624
     4950/7624
     5000/7624
     5050/7624
     5100/7624
     5150/7624
     5200/7624
     5250/7624
     5300/7624
     5350/7624
     5400/7624
     5450/7624
     5500/7624
     5550/7624
     5600/7624
     5650/7624
     5700/7624
     5750/7624
     5800/7624
     5850/7624
     5900/7624
     5950/7624
     6000/7624
     6050/7624
     6100/7624
     6150/7624
     6200/7624
     6250/7624
     6300/7624
     6350/7624
     6400/7624
     6450/7624
     6500/7624
     6550/7624
     6600/7624
     6650/7624
     6700/7624
     6750/7624
     6800/7624
     6850/7624
     6900/7624
     6950/7624
     7000/7624
     7050/7624
     7100/7624
     7150/7624
     7200/7624
     7250/7624
     7300/7624
     7350/7624
     7400/7624
     7450/7624
     7500/7624
     7550/7624
     7600/7624
     7624/7624

  sf19       solved  343/953   nps ~ 887,133
  mh19-off   solved  343/953   nps ~ 941,635
  mh19       solved  586/953   nps ~ 1,836,378
  mh19-main  solved  343/953   nps ~ 941,764
  mh19-qs    solved  317/953   nps ~ 832,865
  mh19-null  solved  590/953   nps ~ 2,004,585
  mh19-escapes solved  635/953   nps ~ 1,860,609
  mh19-noprune solved  330/953   nps ~ 843,070

  MateHunter (shipped profile) against stock Stockfish 19
  mh19 vs sf19
  band          n     mh19     sf19   x only   y only        p
  d14-17     449      349      220      148       19   0.0000
  d18-21     186      123       69       61        7   0.0000
  d22-25      84       53       26       31        4   0.0000
  d26-30      65       26       11       18        3   0.0015
  d31-+      169       35       17       21        3   0.0003
  ALL         953      586      343      279       36   0.0000

  CONTROL: every mate option off must be indistinguishable from stock
  mh19-off vs sf19
  band          n mh19-off     sf19   x only   y only        p
  d14-17     449      220      220        0        0   1.0000
  d18-21     186       69       69        0        0   1.0000
  d22-25      84       26       26        0        0   1.0000
  d26-30      65       11       11        0        0   1.0000
  d31-+      169       17       17        0        0   1.0000
  ALL         953      343      343        0        0   1.0000

  MECHANISM: king danger in the main search only
  mh19-main vs mh19-off
  band          n mh19-mai mh19-off   x only   y only        p
  d14-17     449      228      220       53       45   0.4797
  d18-21     186       75       69       30       24   0.4966
  d22-25      84       21       26        6       11   0.3323
  d26-30      65        9       11        3        5   0.7266
  d31-+      169       10       17        3       10   0.0923
  ALL         953      343      343       95       95   1.0000

  MECHANISM: king danger in quiescence only
  mh19-qs vs mh19-off
  band          n  mh19-qs mh19-off   x only   y only        p
  d14-17     449      199      220       34       55   0.0334
  d18-21     186       62       69       15       22   0.3240
  d22-25      84       24       26        6        8   0.7905
  d26-30      65       11       11        4        4   1.0000
  d31-+      169       21       17        6        2   0.2891
  ALL         953      317      343       65       91   0.0450

  MECHANISM: what quiescence adds on top of the main search
  mh19 vs mh19-main
  band          n     mh19 mh19-mai   x only   y only        p
  d14-17     449      349      228      138       17   0.0000
  d18-21     186      123       75       54        6   0.0000
  d22-25      84       53       21       33        1   0.0000
  d26-30      65       26        9       18        1   0.0001
  d31-+      169       35       10       27        2   0.0000
  ALL         953      586      343      270       27   0.0000

  MECHANISM: what the main search adds on top of quiescence
  mh19 vs mh19-qs
  band          n     mh19  mh19-qs   x only   y only        p
  d14-17     449      349      199      164       14   0.0000
  d18-21     186      123       62       68        7   0.0000
  d22-25      84       53       24       33        4   0.0000
  d26-30      65       26       11       18        3   0.0015
  d31-+      169       35       21       21        7   0.0125
  ALL         953      586      317      304       35   0.0000

  MECHANISM: a constant evaluation -- is it just the absence of NNUE?
  mh19-null vs mh19-off
  band          n mh19-nul mh19-off   x only   y only        p
  d14-17     449      364      220      161       17   0.0000
  d18-21     186      121       69       59        7   0.0000
  d22-25      84       51       26       29        4   0.0000
  d26-30      65       23       11       16        4   0.0118
  d31-+      169       31       17       18        4   0.0043
  ALL         953      590      343      283       36   0.0000

  MECHANISM: what the king-danger signal adds over a constant evaluation
  mh19 vs mh19-null
  band          n     mh19 mh19-nul   x only   y only        p
  d14-17     449      349      364       20       35   0.0581
  d18-21     186      123      121       19       17   0.8679
  d22-25      84       53       51        7        5   0.7744
  d26-30      65       26       23        6        3   0.5078
  d31-+      169       35       31       12        8   0.5034
  ALL         953      586      590       64       68   0.7941

  MECHANISM: escape squares alone against the full evaluator
  mh19-escapes vs mh19
  band          n mh19-esc     mh19   x only   y only        p
  d14-17     449      372      349       41       18   0.0038
  d18-21     186      138      123       23        8   0.0107
  d22-25      84       59       53        8        2   0.1094
  d26-30      65       24       26        4        6   0.7539
  d31-+      169       42       35       13        6   0.1671
  ALL         953      635      586       89       40   0.0000

  MECHANISM: NNUE with eval-based pruning switched off
  mh19-noprune vs mh19-off
  band          n mh19-nop mh19-off   x only   y only        p
  d14-17     449      211      220       40       49   0.3966
  d18-21     186       67       69       18       20   0.8714
  d22-25      84       23       26        5        8   0.5811
  d26-30      65       14       11        5        2   0.4531
  d31-+      169       15       17        5        7   0.7744
  ALL         953      330      343       73       86   0.3413

  MECHANISM: MateEval against simply switching that pruning off
  mh19 vs mh19-noprune
  band          n     mh19 mh19-nop   x only   y only        p
  d14-17     449      349      211      153       15   0.0000
  d18-21     186      123       67       62        6   0.0000
  d22-25      84       53       23       31        1   0.0000
  d26-30      65       26       14       14        2   0.0042
  d31-+      169       35       15       24        4   0.0002
  ALL         953      586      330      284       28   0.0000

  Read the BAND rows. A pooled null can be two opposite effects cancelling.

=== VS STOCKFISH ENDED ===
