  ChestUCI d10-13: 1524 positions; 10,000,000 nodes, 1 thread, arms sf19,mh19,mh19-null,mh19-escapes,mh19-noprune
  7620 arm-positions to run

     50/7620
     100/7620
     150/7620
     200/7620
     250/7620
     300/7620
     350/7620
     400/7620
     450/7620
     500/7620
     550/7620
     600/7620
     650/7620
     700/7620
     750/7620
     800/7620
     850/7620
     900/7620
     950/7620
     1000/7620
     1050/7620
     1100/7620
     1150/7620
     1200/7620
     1250/7620
     1300/7620
     1350/7620
     1400/7620
     1450/7620
     1500/7620
     1550/7620
     1600/7620
     1650/7620
     1700/7620
     1750/7620
     1800/7620
     1850/7620
     1900/7620
     1950/7620
     2000/7620
     2050/7620
     2100/7620
     2150/7620
     2200/7620
     2250/7620
     2300/7620
     2350/7620
     2400/7620
     2450/7620
     2500/7620
     2550/7620
     2600/7620
     2650/7620
     2700/7620
     2750/7620
     2800/7620
     2850/7620
     2900/7620
     2950/7620
     3000/7620
     3050/7620
     3100/7620
     3150/7620
     3200/7620
     3250/7620
     3300/7620
     3350/7620
     3400/7620
     3450/7620
     3500/7620
     3550/7620
     3600/7620
     3650/7620
     3700/7620
     3750/7620
     3800/7620
     3850/7620
     3900/7620
     3950/7620
     4000/7620
     4050/7620
     4100/7620
     4150/7620
     4200/7620
     4250/7620
     4300/7620
     4350/7620
     4400/7620
     4450/7620
     4500/7620
     4550/7620
     4600/7620
     4650/7620
     4700/7620
     4750/7620
     4800/7620
     4850/7620
     4900/7620
     4950/7620
     5000/7620
     5050/7620
     5100/7620
     5150/7620
     5200/7620
     5250/7620
     5300/7620
     5350/7620
     5400/7620
     5450/7620
     5500/7620
     5550/7620
     5600/7620
     5650/7620
     5700/7620
     5750/7620
     5800/7620
     5850/7620
     5900/7620
     5950/7620
     6000/7620
     6050/7620
     6100/7620
     6150/7620
     6200/7620
     6250/7620
     6300/7620
     6350/7620
     6400/7620
     6450/7620
     6500/7620
     6550/7620
     6600/7620
     6650/7620
     6700/7620
     6750/7620
     6800/7620
     6850/7620
     6900/7620
     6950/7620
     7000/7620
     7050/7620
     7100/7620
     7150/7620
     7200/7620
     7250/7620
     7300/7620
     7350/7620
     7400/7620
     7450/7620
     7500/7620
     7550/7620
     7600/7620
     7620/7620

  sf19       solved  757/1524   nps ~ 1,056,120
  mh19       solved 1176/1524   nps ~ 2,113,907
  mh19-null  solved 1225/1524   nps ~ 2,291,119
  mh19-escapes solved 1210/1524   nps ~ 2,127,895
  mh19-noprune solved  730/1524   nps ~ 976,766

  MateHunter (shipped profile) against stock Stockfish 19
  mh19 vs sf19
  band          n     mh19     sf19   x only   y only        p
  d10-13    1524     1176      757      478       59   0.0000
  ALL        1524     1176      757      478       59   0.0000

  MECHANISM: what the king-danger signal adds over a constant evaluation
  mh19 vs mh19-null
  band          n     mh19 mh19-nul   x only   y only        p
  d10-13    1524     1176     1225       96      145   0.0019
  ALL        1524     1176     1225       96      145   0.0019

  MECHANISM: escape squares alone against the full evaluator
  mh19-escapes vs mh19
  band          n mh19-esc     mh19   x only   y only        p
  d10-13    1524     1210     1176      116       82   0.0188
  ALL        1524     1210     1176      116       82   0.0188

  MECHANISM: MateEval against simply switching that pruning off
  mh19 vs mh19-noprune
  band          n     mh19 mh19-nop   x only   y only        p
  d10-13    1524     1176      730      501       55   0.0000
  ALL        1524     1176      730      501       55   0.0000

  Read the BAND rows. A pooled null can be two opposite effects cancelling.

=== VS STOCKFISH ENDED ===
